// Jest Snapshot v1, https://goo.gl/fbAQLP

exports[`Home Page Tests Quote renders correctly 1`] = `
Array [
  <h2
    className="title"
  >
    Welcome to our page!
  </h2>,
  <p>
    Lorem ipsum dolor sit amet consectetur adipisicing elit. Sapiente animi quod alias iste dicta tempore id est magni, ducimus cum distinctio quo. Perferendis nemo minus alias earum consectetur nostrum sint molestiae, deserunt tempore et dolorum omnis hic praesentium eos aliquid architecto iure, maiores sunt necessitatibus distinctio. Provident ducimus nostrum et!
  </p>,
  <br />,
  <p>
    Lorem ipsum dolor sit amet consectetur adipisicing elit. Error facere, dignissimos debitis, ipsam praesentium impedit totam sequi, quia commodi possimus temporibus! Molestias porro nihil perferendis quasi nesciunt recusandae adipisci libero, dignissimos culpa quidem sit alias sequi sed fugit maxime iure, accusantium, veritatis ea. Impedit fugit vitae ad accusamus, facere voluptas.
  </p>,
]
`;
